#
# There is insufficient memory for the Java Runtime Environment to continue.
# Native memory allocation (malloc) failed to allocate 1669552 bytes for Chunk::new
# Possible reasons:
#   The system is out of physical RAM or swap space
#   The process is running with CompressedOops enabled, and the Java Heap may be blocking the growth of the native heap
# Possible solutions:
#   Reduce memory load on the system
#   Increase physical memory or swap space
#   Check if swap backing store is full
#   Decrease Java heap size (-Xmx/-Xms)
#   Decrease number of Java threads
#   Decrease Java thread stack sizes (-Xss)
#   Set larger code cache with -XX:ReservedCodeCacheSize=
#   JVM is running with Unscaled Compressed Oops mode in which the Java heap is
#     placed in the first 4GB address space. The Java Heap base address is the
#     maximum limit for the native heap growth. Please use -XX:HeapBaseMinAddress
#     to set the Java Heap base and to place the Java Heap above 4GB virtual address.
# This output file may be truncated or incomplete.
#
#  Out of Memory Error (arena.cpp:189), pid=5932, tid=5600
#
# JRE version: Java(TM) SE Runtime Environment (17.0.13+10) (build 17.0.13+10-LTS-268)
# Java VM: Java HotSpot(TM) 64-Bit Server VM (17.0.13+10-LTS-268, mixed mode, sharing, tiered, compressed oops, compressed class ptrs, g1 gc, windows-amd64)
# No core dump will be written. Minidumps are not enabled by default on client versions of Windows
#

---------------  S U M M A R Y ------------

Command Line: .\build\libs\moono_backend-0.0.1-SNAPSHOT.jar --spring.profiles.active=consumer --server.port=8083

Host: 11th Gen Intel(R) Core(TM) i5-1135G7 @ 2.40GHz, 8 cores, 7G,  Windows 11 , 64 bit Build 26100 (10.0.26100.7623)
Time: Fri Jan 23 18:12:04 2026  Windows 11 , 64 bit Build 26100 (10.0.26100.7623) elapsed time: 802.222611 seconds (0d 0h 13m 22s)

---------------  T H R E A D  ---------------

Current thread (0x0000024465bf95d0):  JavaThread "C2 CompilerThread0" daemon [_thread_in_native, id=5600, stack(0x000000d36a700000,0x000000d36a800000)]


Current CompileTask:
C2: 802222 17341   !   4       org.springframework.transaction.interceptor.TransactionAspectSupport::invokeWithinTransaction (515 bytes)

Stack: [0x000000d36a700000,0x000000d36a800000]
Native frames: (J=compiled Java code, j=interpreted, Vv=VM code, C=native code)
V  [jvm.dll+0x67a23a]
V  [jvm.dll+0x7da96d]
V  [jvm.dll+0x7dc2b3]
V  [jvm.dll+0x7dc923]
V  [jvm.dll+0x2450ef]
V  [jvm.dll+0xab793]
V  [jvm.dll+0xabd5c]
V  [jvm.dll+0x361d5e]
V  [jvm.dll+0x32c491]
V  [jvm.dll+0x32b92a]
V  [jvm.dll+0x21689f]
V  [jvm.dll+0x215ccf]
V  [jvm.dll+0x1a2980]
V  [jvm.dll+0x22616b]
V  [jvm.dll+0x22430b]
V  [jvm.dll+0x790a8c]
V  [jvm.dll+0x78af1a]
V  [jvm.dll+0x679125]
C  [ucrtbase.dll+0x37b0]
C  [KERNEL32.DLL+0x2e8d7]
C  [ntdll.dll+0x8c53c]


---------------  P R O C E S S  ---------------

Threads class SMR info:
_java_thread_list=0x000002446b9e0900, length=141, elements={
0x0000024465bde320, 0x0000024465bdece0, 0x0000024465bf25e0, 0x0000024465bf3fb0,
0x0000024465bf4970, 0x0000024465bf8830, 0x0000024465bf95d0, 0x0000024465c050b0,
0x0000024465c05ab0, 0x000002446a0f1c10, 0x000002446a0f8520, 0x000002446a2b4840,
0x000002446e02d060, 0x000002446e02c130, 0x000002446e02c640, 0x000002446e02cb50,
0x000002446af80bf0, 0x000002446af7d440, 0x000002446af7d950, 0x000002446af81610,
0x000002446af81b20, 0x000002446af7e370, 0x000002446af83470, 0x000002446af84dc0,
0x000002446af83980, 0x000002446af848b0, 0x000002446af83e90, 0x000002446af82f60,
0x000002446af843a0, 0x000002446af82540, 0x000002446af82a50, 0x000002446e02acf0,
0x000002446e0298b0, 0x000002446e02b200, 0x000002446e02b710, 0x0000024470adef00,
0x0000024470adf410, 0x0000024470adfe30, 0x0000024470adf920, 0x0000024470adcb90,
0x0000024470add0a0, 0x0000024470add5b0, 0x0000024470addfd0, 0x0000024470addac0,
0x0000024470ade9f0, 0x000002446e3b1620, 0x000002446e3b3ea0, 0x000002446e3b2f70,
0x000002446e3b3480, 0x000002446e3b1b30, 0x000002446e3b3990, 0x000002446e3b2040,
0x000002446e3b43b0, 0x000002446e3b2a60, 0x000002446e3b2550, 0x000002446e3b48c0,
0x000002446e3b1110, 0x000002446e3b6720, 0x000002446e3b7140, 0x000002446e3b8070,
0x000002446e3b7b60, 0x000002446e3b8580, 0x000002446e3b4dd0, 0x000002446e3b57f0,
0x000002446e3b8a90, 0x000002446e3b5d00, 0x000002446e3b52e0, 0x000002446e3b6c30,
0x000002446e3b6210, 0x000002446e3b7650, 0x000002446c9341d0, 0x000002446c934bf0,
0x000002446c932880, 0x000002446c931e60, 0x000002446c932370, 0x000002446c9332a0,
0x000002446c9346e0, 0x000002446c9337b0, 0x000002446c933cc0, 0x000002446c931440,
0x000002446c935100, 0x000002446c932d90, 0x000002446c931950, 0x000002446c9388b0,
0x000002446c937980, 0x000002446c937e90, 0x000002446c9383a0, 0x000002446c938dc0,
0x000002446c936030, 0x000002446d93fe40, 0x000002446d943b00, 0x000002446d940350,
0x000002446d940860, 0x000002446d9472b0, 0x000002446d944a30, 0x000002446d9477c0,
0x000002446d944010, 0x000002446d946890, 0x000002446d946da0, 0x000002446d945e70,
0x000002446d944f40, 0x000002446d944520, 0x000002446d945450, 0x000002446d945960,
0x000002446d946380, 0x000002446c935b20, 0x000002446d547100, 0x000002446d548f60,
0x000002446d549470, 0x000002446d548540, 0x000002446d549980, 0x000002446d548030,
0x000002446d547610, 0x000002446d548a50, 0x000002446d5466e0, 0x000002446d549e90,
0x000002446d54a3a0, 0x000002446d546bf0, 0x000002446d54a8b0, 0x000002446d54adc0,
0x000002446d54b2d0, 0x000002446d547b20, 0x000002446d54b7e0, 0x000002446d54bcf0,
0x000002446d54c710, 0x000002446d54db50, 0x000002446d54c200, 0x000002446d54cc20,
0x000002446d54d130, 0x000002446d54d640, 0x000002446d54e060, 0x000002446fefccf0,
0x000002446fefc2d0, 0x000002446fefb3a0, 0x000002446fefd200, 0x000002446fefc7e0,
0x000002446fefa980, 0x000002446fefb8b0, 0x000002446fefdc20, 0x000002446fefa470,
0x000002446ff013d0
}

Java Threads: ( => current thread )
  0x0000024465bde320 JavaThread "Reference Handler" daemon [_thread_blocked, id=16328, stack(0x000000d36a100000,0x000000d36a200000)]
  0x0000024465bdece0 JavaThread "Finalizer" daemon [_thread_blocked, id=21548, stack(0x000000d36a200000,0x000000d36a300000)]
  0x0000024465bf25e0 JavaThread "Signal Dispatcher" daemon [_thread_blocked, id=13576, stack(0x000000d36a300000,0x000000d36a400000)]
  0x0000024465bf3fb0 JavaThread "Attach Listener" daemon [_thread_blocked, id=17432, stack(0x000000d36a400000,0x000000d36a500000)]
  0x0000024465bf4970 JavaThread "Service Thread" daemon [_thread_blocked, id=18744, stack(0x000000d36a500000,0x000000d36a600000)]
  0x0000024465bf8830 JavaThread "Monitor Deflation Thread" daemon [_thread_blocked, id=19836, stack(0x000000d36a600000,0x000000d36a700000)]
=>0x0000024465bf95d0 JavaThread "C2 CompilerThread0" daemon [_thread_in_native, id=5600, stack(0x000000d36a700000,0x000000d36a800000)]
  0x0000024465c050b0 JavaThread "C1 CompilerThread0" daemon [_thread_blocked, id=7516, stack(0x000000d36a800000,0x000000d36a900000)]
  0x0000024465c05ab0 JavaThread "Sweeper thread" daemon [_thread_blocked, id=3240, stack(0x000000d36a900000,0x000000d36aa00000)]
  0x000002446a0f1c10 JavaThread "Notification Thread" daemon [_thread_blocked, id=21700, stack(0x000000d36aa00000,0x000000d36ab00000)]
  0x000002446a0f8520 JavaThread "Common-Cleaner" daemon [_thread_blocked, id=5656, stack(0x000000d36ac00000,0x000000d36ad00000)]
  0x000002446a2b4840 JavaThread "Cleaner-0" daemon [_thread_blocked, id=20248, stack(0x000000d36ad00000,0x000000d36ae00000)]
  0x000002446e02d060 JavaThread "Catalina-utility-1" [_thread_blocked, id=1296, stack(0x000000d36b500000,0x000000d36b600000)]
  0x000002446e02c130 JavaThread "Catalina-utility-2" [_thread_blocked, id=22844, stack(0x000000d36b800000,0x000000d36b900000)]
  0x000002446e02c640 JavaThread "container-0" [_thread_blocked, id=2236, stack(0x000000d36b900000,0x000000d36ba00000)]
  0x000002446e02cb50 JavaThread "PostgreSQL-JDBC-Cleaner" daemon [_thread_blocked, id=15852, stack(0x000000d36ba00000,0x000000d36bb00000)]
  0x000002446af80bf0 JavaThread "HikariPool-1 housekeeper" daemon [_thread_blocked, id=17980, stack(0x000000d36bb00000,0x000000d36bc00000)]
  0x000002446af7d440 JavaThread "http-nio-8083-exec-1" daemon [_thread_blocked, id=18152, stack(0x000000d36bd00000,0x000000d36be00000)]
  0x000002446af7d950 JavaThread "http-nio-8083-exec-2" daemon [_thread_blocked, id=14280, stack(0x000000d36be00000,0x000000d36bf00000)]
  0x000002446af81610 JavaThread "http-nio-8083-exec-3" daemon [_thread_blocked, id=14624, stack(0x000000d36bf00000,0x000000d36c000000)]
  0x000002446af81b20 JavaThread "http-nio-8083-exec-4" daemon [_thread_blocked, id=23068, stack(0x000000d36c000000,0x000000d36c100000)]
  0x000002446af7e370 JavaThread "http-nio-8083-exec-5" daemon [_thread_blocked, id=21716, stack(0x000000d36c100000,0x000000d36c200000)]
  0x000002446af83470 JavaThread "http-nio-8083-exec-6" daemon [_thread_blocked, id=9856, stack(0x000000d36c200000,0x000000d36c300000)]
  0x000002446af84dc0 JavaThread "http-nio-8083-exec-7" daemon [_thread_blocked, id=1544, stack(0x000000d36c300000,0x000000d36c400000)]
  0x000002446af83980 JavaThread "http-nio-8083-exec-8" daemon [_thread_blocked, id=16432, stack(0x000000d36c400000,0x000000d36c500000)]
  0x000002446af848b0 JavaThread "http-nio-8083-exec-9" daemon [_thread_blocked, id=9320, stack(0x000000d36c500000,0x000000d36c600000)]
  0x000002446af83e90 JavaThread "http-nio-8083-exec-10" daemon [_thread_blocked, id=22636, stack(0x000000d36c600000,0x000000d36c700000)]
  0x000002446af82f60 JavaThread "http-nio-8083-Poller" daemon [_thread_in_native, id=16304, stack(0x000000d36c700000,0x000000d36c800000)]
  0x000002446af843a0 JavaThread "http-nio-8083-Acceptor" daemon [_thread_in_native, id=21292, stack(0x000000d36c800000,0x000000d36c900000)]
  0x000002446af82540 JavaThread "micrometer-kafka-metrics" daemon [_thread_blocked, id=16088, stack(0x000000d36c900000,0x000000d36ca00000)]
  0x000002446af82a50 JavaThread "ThreadPoolTaskScheduler-1" [_thread_blocked, id=6032, stack(0x000000d36ca00000,0x000000d36cb00000)]
  0x000002446e02acf0 JavaThread "org.springframework.kafka.KafkaListenerEndpointContainer#0.dlt-0-C-1" [_thread_in_native, id=21132, stack(0x000000d36cb00000,0x000000d36cc00000)]
  0x000002446e0298b0 JavaThread "micrometer-kafka-metrics" daemon [_thread_blocked, id=10560, stack(0x000000d36cc00000,0x000000d36cd00000)]
  0x000002446e02b200 JavaThread "ThreadPoolTaskScheduler-1" [_thread_blocked, id=3992, stack(0x000000d36cd00000,0x000000d36ce00000)]
  0x000002446e02b710 JavaThread "org.springframework.kafka.KafkaListenerEndpointContainer#0-0-C-1" [_thread_in_native, id=20332, stack(0x000000d36ce00000,0x000000d36cf00000)]
  0x0000024470adef00 JavaThread "DestroyJavaVM" [_thread_blocked, id=2632, stack(0x000000d369a00000,0x000000d369b00000)]
  0x0000024470adf410 JavaThread "kafka-coordinator-heartbeat-thread | cg-billing-email-send" daemon [_thread_blocked, id=2880, stack(0x000000d369800000,0x000000d369900000)]
  0x0000024470adfe30 JavaThread "kafka-coordinator-heartbeat-thread | cg-billing-email-send.dlt" daemon [_thread_blocked, id=17368, stack(0x000000d36bc00000,0x000000d36bd00000)]
  0x0000024470adf920 JavaThread "EmailWorker-1" [_thread_blocked, id=24564, stack(0x000000d369700000,0x000000d369800000)]
  0x0000024470adcb90 JavaThread "EmailWorker-2" [_thread_blocked, id=5548, stack(0x000000d369900000,0x000000d369a00000)]
  0x0000024470add0a0 JavaThread "EmailWorker-3" [_thread_blocked, id=15856, stack(0x000000d36ae00000,0x000000d36af00000)]
  0x0000024470add5b0 JavaThread "EmailWorker-4" [_thread_blocked, id=11108, stack(0x000000d36cf00000,0x000000d36d000000)]
  0x0000024470addfd0 JavaThread "EmailWorker-5" [_thread_blocked, id=13544, stack(0x000000d36d000000,0x000000d36d100000)]
  0x0000024470addac0 JavaThread "EmailWorker-6" [_thread_blocked, id=14668, stack(0x000000d36d100000,0x000000d36d200000)]
  0x0000024470ade9f0 JavaThread "EmailWorker-7" [_thread_blocked, id=5676, stack(0x000000d36d200000,0x000000d36d300000)]
  0x000002446e3b1620 JavaThread "EmailWorker-8" [_thread_blocked, id=24364, stack(0x000000d36d300000,0x000000d36d400000)]
  0x000002446e3b3ea0 JavaThread "EmailWorker-9" [_thread_blocked, id=21128, stack(0x000000d36d400000,0x000000d36d500000)]
  0x000002446e3b2f70 JavaThread "EmailWorker-10" [_thread_blocked, id=11796, stack(0x000000d36d500000,0x000000d36d600000)]
  0x000002446e3b3480 JavaThread "EmailWorker-11" [_thread_blocked, id=7836, stack(0x000000d36d600000,0x000000d36d700000)]
  0x000002446e3b1b30 JavaThread "EmailWorker-12" [_thread_blocked, id=7664, stack(0x000000d36d700000,0x000000d36d800000)]
  0x000002446e3b3990 JavaThread "EmailWorker-13" [_thread_blocked, id=6372, stack(0x000000d36d800000,0x000000d36d900000)]
  0x000002446e3b2040 JavaThread "EmailWorker-14" [_thread_blocked, id=23980, stack(0x000000d36d900000,0x000000d36da00000)]
  0x000002446e3b43b0 JavaThread "EmailWorker-15" [_thread_blocked, id=4960, stack(0x000000d36da00000,0x000000d36db00000)]
  0x000002446e3b2a60 JavaThread "EmailWorker-16" [_thread_blocked, id=24104, stack(0x000000d36db00000,0x000000d36dc00000)]
  0x000002446e3b2550 JavaThread "EmailWorker-17" [_thread_blocked, id=22920, stack(0x000000d36dc00000,0x000000d36dd00000)]
  0x000002446e3b48c0 JavaThread "EmailWorker-18" [_thread_blocked, id=23996, stack(0x000000d36dd00000,0x000000d36de00000)]
  0x000002446e3b1110 JavaThread "EmailWorker-19" [_thread_blocked, id=18420, stack(0x000000d36de00000,0x000000d36df00000)]
  0x000002446e3b6720 JavaThread "EmailWorker-20" [_thread_in_Java, id=17976, stack(0x000000d36df00000,0x000000d36e000000)]
  0x000002446e3b7140 JavaThread "EmailWorker-21" [_thread_blocked, id=18824, stack(0x000000d36e000000,0x000000d36e100000)]
  0x000002446e3b8070 JavaThread "EmailWorker-22" [_thread_blocked, id=17700, stack(0x000000d36e100000,0x000000d36e200000)]
  0x000002446e3b7b60 JavaThread "EmailWorker-23" [_thread_blocked, id=24024, stack(0x000000d36e200000,0x000000d36e300000)]
  0x000002446e3b8580 JavaThread "EmailWorker-24" [_thread_blocked, id=20324, stack(0x000000d36e300000,0x000000d36e400000)]
  0x000002446e3b4dd0 JavaThread "EmailWorker-25" [_thread_blocked, id=24572, stack(0x000000d36e400000,0x000000d36e500000)]
  0x000002446e3b57f0 JavaThread "EmailWorker-26" [_thread_blocked, id=24256, stack(0x000000d36e500000,0x000000d36e600000)]
  0x000002446e3b8a90 JavaThread "EmailWorker-27" [_thread_blocked, id=23928, stack(0x000000d36e600000,0x000000d36e700000)]
  0x000002446e3b5d00 JavaThread "EmailWorker-28" [_thread_blocked, id=5300, stack(0x000000d36e700000,0x000000d36e800000)]
  0x000002446e3b52e0 JavaThread "EmailWorker-29" [_thread_blocked, id=16568, stack(0x000000d36e800000,0x000000d36e900000)]
  0x000002446e3b6c30 JavaThread "EmailWorker-30" [_thread_blocked, id=24360, stack(0x000000d36e900000,0x000000d36ea00000)]
  0x000002446e3b6210 JavaThread "EmailWorker-31" [_thread_blocked, id=11472, stack(0x000000d36ea00000,0x000000d36eb00000)]
  0x000002446e3b7650 JavaThread "EmailWorker-32" [_thread_blocked, id=19052, stack(0x000000d36eb00000,0x000000d36ec00000)]
  0x000002446c9341d0 JavaThread "EmailWorker-33" [_thread_blocked, id=2244, stack(0x000000d36ec00000,0x000000d36ed00000)]
  0x000002446c934bf0 JavaThread "EmailWorker-34" [_thread_blocked, id=17596, stack(0x000000d36ed00000,0x000000d36ee00000)]
  0x000002446c932880 JavaThread "EmailWorker-35" [_thread_blocked, id=5484, stack(0x000000d36ee00000,0x000000d36ef00000)]
  0x000002446c931e60 JavaThread "EmailWorker-36" [_thread_blocked, id=5264, stack(0x000000d36ef00000,0x000000d36f000000)]
  0x000002446c932370 JavaThread "EmailWorker-37" [_thread_blocked, id=1772, stack(0x000000d36f000000,0x000000d36f100000)]
  0x000002446c9332a0 JavaThread "EmailWorker-38" [_thread_blocked, id=3236, stack(0x000000d36f100000,0x000000d36f200000)]
  0x000002446c9346e0 JavaThread "EmailWorker-39" [_thread_blocked, id=14188, stack(0x000000d36f200000,0x000000d36f300000)]
  0x000002446c9337b0 JavaThread "EmailWorker-40" [_thread_blocked, id=16408, stack(0x000000d36f300000,0x000000d36f400000)]
  0x000002446c933cc0 JavaThread "EmailWorker-41" [_thread_blocked, id=23964, stack(0x000000d36f400000,0x000000d36f500000)]
  0x000002446c931440 JavaThread "EmailWorker-42" [_thread_blocked, id=1604, stack(0x000000d36f500000,0x000000d36f600000)]
  0x000002446c935100 JavaThread "EmailWorker-43" [_thread_blocked, id=19136, stack(0x000000d36f600000,0x000000d36f700000)]
  0x000002446c932d90 JavaThread "EmailWorker-44" [_thread_blocked, id=18756, stack(0x000000d36f700000,0x000000d36f800000)]
  0x000002446c931950 JavaThread "EmailWorker-45" [_thread_blocked, id=22744, stack(0x000000d36f800000,0x000000d36f900000)]
  0x000002446c9388b0 JavaThread "EmailWorker-46" [_thread_blocked, id=9460, stack(0x000000d36f900000,0x000000d36fa00000)]
  0x000002446c937980 JavaThread "EmailWorker-47" [_thread_blocked, id=23028, stack(0x000000d36fa00000,0x000000d36fb00000)]
  0x000002446c937e90 JavaThread "EmailWorker-48" [_thread_blocked, id=12152, stack(0x000000d36fb00000,0x000000d36fc00000)]
  0x000002446c9383a0 JavaThread "EmailWorker-49" [_thread_blocked, id=15628, stack(0x000000d36fc00000,0x000000d36fd00000)]
  0x000002446c938dc0 JavaThread "EmailWorker-50" [_thread_blocked, id=21296, stack(0x000000d36fd00000,0x000000d36fe00000)]
  0x000002446c936030 JavaThread "kafka-producer-network-thread | mono_backend-producer-1" daemon [_thread_in_native, id=20348, stack(0x000000d370000000,0x000000d370100000)]
  0x000002446d93fe40 JavaThread "micrometer-kafka-metrics" daemon [_thread_blocked, id=19688, stack(0x000000d370100000,0x000000d370200000)]
  0x000002446d943b00 JavaThread "EmailWorker-51" [_thread_blocked, id=21476, stack(0x000000d36ff00000,0x000000d370000000)]
  0x000002446d940350 JavaThread "EmailWorker-52" [_thread_blocked, id=23728, stack(0x000000d370300000,0x000000d370400000)]
  0x000002446d940860 JavaThread "EmailWorker-53" [_thread_blocked, id=23672, stack(0x000000d370400000,0x000000d370500000)]
  0x000002446d9472b0 JavaThread "EmailWorker-54" [_thread_blocked, id=22976, stack(0x000000d370500000,0x000000d370600000)]
  0x000002446d944a30 JavaThread "EmailWorker-55" [_thread_blocked, id=2036, stack(0x000000d370600000,0x000000d370700000)]
  0x000002446d9477c0 JavaThread "EmailWorker-56" [_thread_blocked, id=24224, stack(0x000000d370700000,0x000000d370800000)]
  0x000002446d944010 JavaThread "EmailWorker-57" [_thread_blocked, id=16224, stack(0x000000d370800000,0x000000d370900000)]
  0x000002446d946890 JavaThread "EmailWorker-58" [_thread_blocked, id=2920, stack(0x000000d370900000,0x000000d370a00000)]
  0x000002446d946da0 JavaThread "EmailWorker-59" [_thread_blocked, id=24384, stack(0x000000d370a00000,0x000000d370b00000)]
  0x000002446d945e70 JavaThread "EmailWorker-60" [_thread_blocked, id=19384, stack(0x000000d370b00000,0x000000d370c00000)]
  0x000002446d944f40 JavaThread "EmailWorker-61" [_thread_in_native, id=24248, stack(0x000000d370c00000,0x000000d370d00000)]
  0x000002446d944520 JavaThread "EmailWorker-62" [_thread_blocked, id=10648, stack(0x000000d370d00000,0x000000d370e00000)]
  0x000002446d945450 JavaThread "EmailWorker-63" [_thread_blocked, id=16720, stack(0x000000d370e00000,0x000000d370f00000)]
  0x000002446d945960 JavaThread "EmailWorker-64" [_thread_blocked, id=22760, stack(0x000000d370f00000,0x000000d371000000)]
  0x000002446d946380 JavaThread "EmailWorker-65" [_thread_blocked, id=17736, stack(0x000000d371000000,0x000000d371100000)]
  0x000002446c935b20 JavaThread "EmailWorker-66" [_thread_blocked, id=5680, stack(0x000000d371100000,0x000000d371200000)]
  0x000002446d547100 JavaThread "EmailWorker-67" [_thread_blocked, id=18300, stack(0x000000d371200000,0x000000d371300000)]
  0x000002446d548f60 JavaThread "EmailWorker-68" [_thread_blocked, id=22408, stack(0x000000d371300000,0x000000d371400000)]
  0x000002446d549470 JavaThread "EmailWorker-69" [_thread_blocked, id=5276, stack(0x000000d371400000,0x000000d371500000)]
  0x000002446d548540 JavaThread "EmailWorker-70" [_thread_blocked, id=24416, stack(0x000000d371500000,0x000000d371600000)]
  0x000002446d549980 JavaThread "EmailWorker-71" [_thread_blocked, id=24436, stack(0x000000d371600000,0x000000d371700000)]
  0x000002446d548030 JavaThread "EmailWorker-72" [_thread_blocked, id=3000, stack(0x000000d371700000,0x000000d371800000)]
  0x000002446d547610 JavaThread "EmailWorker-73" [_thread_blocked, id=18284, stack(0x000000d371800000,0x000000d371900000)]
  0x000002446d548a50 JavaThread "EmailWorker-74" [_thread_blocked, id=9952, stack(0x000000d371900000,0x000000d371a00000)]
  0x000002446d5466e0 JavaThread "EmailWorker-75" [_thread_blocked, id=24048, stack(0x000000d371a00000,0x000000d371b00000)]
  0x000002446d549e90 JavaThread "EmailWorker-76" [_thread_blocked, id=23192, stack(0x000000d371b00000,0x000000d371c00000)]
  0x000002446d54a3a0 JavaThread "EmailWorker-77" [_thread_blocked, id=21740, stack(0x000000d371d00000,0x000000d371e00000)]
  0x000002446d546bf0 JavaThread "EmailWorker-78" [_thread_blocked, id=18716, stack(0x000000d371e00000,0x000000d371f00000)]
  0x000002446d54a8b0 JavaThread "EmailWorker-79" [_thread_blocked, id=23876, stack(0x000000d371f00000,0x000000d372000000)]
  0x000002446d54adc0 JavaThread "EmailWorker-80" [_thread_blocked, id=24236, stack(0x000000d372000000,0x000000d372100000)]
  0x000002446d54b2d0 JavaThread "EmailWorker-81" [_thread_blocked, id=20896, stack(0x000000d372100000,0x000000d372200000)]
  0x000002446d547b20 JavaThread "EmailWorker-82" [_thread_blocked, id=22992, stack(0x000000d372200000,0x000000d372300000)]
  0x000002446d54b7e0 JavaThread "EmailWorker-83" [_thread_blocked, id=7752, stack(0x000000d372300000,0x000000d372400000)]
  0x000002446d54bcf0 JavaThread "EmailWorker-84" [_thread_blocked, id=21772, stack(0x000000d372400000,0x000000d372500000)]
  0x000002446d54c710 JavaThread "EmailWorker-85" [_thread_blocked, id=22416, stack(0x000000d372500000,0x000000d372600000)]
  0x000002446d54db50 JavaThread "EmailWorker-86" [_thread_blocked, id=23440, stack(0x000000d372600000,0x000000d372700000)]
  0x000002446d54c200 JavaThread "EmailWorker-87" [_thread_blocked, id=16724, stack(0x000000d372700000,0x000000d372800000)]
  0x000002446d54cc20 JavaThread "EmailWorker-88" [_thread_blocked, id=2736, stack(0x000000d372800000,0x000000d372900000)]
  0x000002446d54d130 JavaThread "EmailWorker-89" [_thread_blocked, id=18440, stack(0x000000d372900000,0x000000d372a00000)]
  0x000002446d54d640 JavaThread "EmailWorker-90" [_thread_blocked, id=23900, stack(0x000000d372a00000,0x000000d372b00000)]
  0x000002446d54e060 JavaThread "EmailWorker-91" [_thread_blocked, id=17916, stack(0x000000d372b00000,0x000000d372c00000)]
  0x000002446fefccf0 JavaThread "EmailWorker-92" [_thread_blocked, id=3252, stack(0x000000d372c00000,0x000000d372d00000)]
  0x000002446fefc2d0 JavaThread "EmailWorker-93" [_thread_blocked, id=18000, stack(0x000000d372d00000,0x000000d372e00000)]
  0x000002446fefb3a0 JavaThread "EmailWorker-94" [_thread_blocked, id=12360, stack(0x000000d372e00000,0x000000d372f00000)]
  0x000002446fefd200 JavaThread "EmailWorker-95" [_thread_blocked, id=11760, stack(0x000000d372f00000,0x000000d373000000)]
  0x000002446fefc7e0 JavaThread "EmailWorker-96" [_thread_blocked, id=21472, stack(0x000000d373000000,0x000000d373100000)]
  0x000002446fefa980 JavaThread "EmailWorker-97" [_thread_blocked, id=24240, stack(0x000000d373100000,0x000000d373200000)]
  0x000002446fefb8b0 JavaThread "EmailWorker-98" [_thread_blocked, id=2996, stack(0x000000d373200000,0x000000d373300000)]
  0x000002446fefdc20 JavaThread "EmailWorker-99" [_thread_blocked, id=20408, stack(0x000000d373300000,0x000000d373400000)]
  0x000002446fefa470 JavaThread "EmailWorker-100" [_thread_blocked, id=24004, stack(0x000000d373400000,0x000000d373500000)]
  0x000002446ff013d0 JavaThread "HikariPool-1 connection adder" daemon [_thread_blocked, id=6820, stack(0x000000d373500000,0x000000d373600000)]

Other Threads:
  0x0000024465bd9970 VMThread "VM Thread" [stack: 0x000000d36a000000,0x000000d36a100000] [id=23460]
  0x0000024447cf9090 WatcherThread [stack: 0x000000d36ab00000,0x000000d36ac00000] [id=19216]
  0x0000024447cd6630 GCTaskThread "GC Thread#0" [stack: 0x000000d369b00000,0x000000d369c00000] [id=19276]
  0x000002446aacc640 GCTaskThread "GC Thread#1" [stack: 0x000000d36b000000,0x000000d36b100000] [id=5756]
  0x000002446a980e00 GCTaskThread "GC Thread#2" [stack: 0x000000d36b100000,0x000000d36b200000] [id=14700]
  0x000002446a3fec90 GCTaskThread "GC Thread#3" [stack: 0x000000d36b200000,0x000000d36b300000] [id=10696]
  0x000002446ad26910 GCTaskThread "GC Thread#4" [stack: 0x000000d36b300000,0x000000d36b400000] [id=18272]
  0x000002446abed340 GCTaskThread "GC Thread#5" [stack: 0x000000d36b400000,0x000000d36b500000] [id=19484]
  0x000002446cab7b50 GCTaskThread "GC Thread#6" [stack: 0x000000d36b600000,0x000000d36b700000] [id=6492]
  0x000002446cab6ad0 GCTaskThread "GC Thread#7" [stack: 0x000000d36b700000,0x000000d36b800000] [id=14144]
  0x0000024447ce8860 ConcurrentGCThread "G1 Main Marker" [stack: 0x000000d369c00000,0x000000d369d00000] [id=18940]
  0x0000024447ce9a10 ConcurrentGCThread "G1 Conc#0" [stack: 0x000000d369d00000,0x000000d369e00000] [id=22428]
  0x000002446cab7890 ConcurrentGCThread "G1 Conc#1" [stack: 0x000000d36af00000,0x000000d36b000000] [id=9688]
  0x0000024465a820b0 ConcurrentGCThread "G1 Refine#0" [stack: 0x000000d369e00000,0x000000d369f00000] [id=732]
  0x0000024465a82880 ConcurrentGCThread "G1 Service" [stack: 0x000000d369f00000,0x000000d36a000000] [id=8228]

Threads with active compile tasks:
C2 CompilerThread0   802330 17341   !   4       org.springframework.transaction.interceptor.TransactionAspectSupport::invokeWithinTransaction (515 bytes)

VM state: not at safepoint (normal execution)

VM Mutex/Monitor currently owned by a thread: None

Heap address: 0x0000000085000000, size: 1968 MB, Compressed Oops mode: 32-bit

CDS archive(s) mapped at: [0x0000024400000000-0x0000024400bd0000-0x0000024400bd0000), size 12386304, SharedBaseAddress: 0x0000024400000000, ArchiveRelocationMode: 1.
Compressed class space mapped at: 0x0000024401000000-0x0000024441000000, reserved size: 1073741824
Narrow klass base: 0x0000024400000000, Narrow klass shift: 0, Narrow klass range: 0x100000000

GC Precious Log:
 CPUs: 8 total, 8 available
 Memory: 7868M
 Large Page Support: Disabled
 NUMA Support: Disabled
 Compressed Oops: Enabled (32-bit)
 Heap Region Size: 1M
 Heap Min Capacity: 8M
 Heap Initial Capacity: 124M
 Heap Max Capacity: 1968M
 Pre-touch: Disabled
 Parallel Workers: 8
 Concurrent Workers: 2
 Concurrent Refinement Workers: 8
 Periodic GC: Disabled

Heap:
 garbage-first heap   total 140288K, used 72927K [0x0000000085000000, 0x0000000100000000)
  region size 1024K, 23 young (23552K), 2 survivors (2048K)
 Metaspace       used 102912K, committed 103680K, reserved 1179648K
  class space    used 13463K, committed 13824K, reserved 1048576K

Heap Regions: E=young(eden), S=young(survivor), O=old, HS=humongous(starts), HC=humongous(continues), CS=collection set, F=free, OA=open archive, CA=closed archive, TAMS=top-at-mark-start (previous, next)
|   0|0x0000000085000000, 0x0000000085100000, 0x0000000085100000|100%| O|  |TAMS 0x0000000085100000, 0x0000000085000000| Untracked 
|   1|0x0000000085100000, 0x0000000085200000, 0x0000000085200000|100%| O|  |TAMS 0x0000000085200000, 0x0000000085100000| Untracked 
|   2|0x0000000085200000, 0x0000000085300000, 0x0000000085300000|100%| O|  |TAMS 0x0000000085300000, 0x0000000085200000| Untracked 
|   3|0x0000000085300000, 0x0000000085400000, 0x0000000085400000|100%| O|  |TAMS 0x0000000085400000, 0x0000000085300000| Untracked 
|   4|0x0000000085400000, 0x0000000085500000, 0x0000000085500000|100%| O|  |TAMS 0x0000000085500000, 0x0000000085400000| Untracked 
|   5|0x0000000085500000, 0x0000000085600000, 0x0000000085600000|100%| O|  |TAMS 0x0000000085600000, 0x0000000085500000| Untracked 
|   6|0x0000000085600000, 0x0000000085700000, 0x0000000085700000|100%| O|  |TAMS 0x0000000085700000, 0x0000000085600000| Untracked 
|   7|0x0000000085700000, 0x0000000085800000, 0x0000000085800000|100%| O|  |TAMS 0x0000000085800000, 0x0000000085700000| Untracked 
|   8|0x0000000085800000, 0x0000000085900000, 0x0000000085900000|100%| O|  |TAMS 0x0000000085900000, 0x0000000085800000| Untracked 
|   9|0x0000000085900000, 0x0000000085a00000, 0x0000000085a00000|100%| O|  |TAMS 0x0000000085a00000, 0x0000000085900000| Untracked 
|  10|0x0000000085a00000, 0x0000000085b00000, 0x0000000085b00000|100%| O|  |TAMS 0x0000000085b00000, 0x0000000085a00000| Untracked 
|  11|0x0000000085b00000, 0x0000000085c00000, 0x0000000085c00000|100%| O|  |TAMS 0x0000000085c00000, 0x0000000085b00000| Untracked 
|  12|0x0000000085c00000, 0x0000000085d00000, 0x0000000085d00000|100%| O|  |TAMS 0x0000000085c00000, 0x0000000085c00000| Untracked 
|  13|0x0000000085d00000, 0x0000000085e00000, 0x0000000085e00000|100%| O|  |TAMS 0x0000000085e00000, 0x0000000085d00000| Untracked 
|  14|0x0000000085e00000, 0x0000000085e1ca00, 0x0000000085f00000| 11%| O|  |TAMS 0x0000000085e00000, 0x0000000085e00000| Untracked 
|  15|0x0000000085f00000, 0x0000000086000000, 0x0000000086000000|100%| O|  |TAMS 0x0000000086000000, 0x0000000085f00000| Untracked 
|  16|0x0000000086000000, 0x0000000086100000, 0x0000000086100000|100%| O|  |TAMS 0x0000000086100000, 0x0000000086000000| Untracked 
|  17|0x0000000086100000, 0x0000000086200000, 0x0000000086200000|100%| O|  |TAMS 0x0000000086200000, 0x0000000086100000| Untracked 
|  18|0x0000000086200000, 0x0000000086300000, 0x0000000086300000|100%| O|  |TAMS 0x0000000086300000, 0x0000000086200000| Untracked 
|  19|0x0000000086300000, 0x0000000086400000, 0x0000000086400000|100%| O|  |TAMS 0x0000000086400000, 0x0000000086300000| Untracked 
|  20|0x0000000086400000, 0x0000000086500000, 0x0000000086500000|100%| O|  |TAMS 0x0000000086500000, 0x0000000086400000| Untracked 
|  21|0x0000000086500000, 0x0000000086600000, 0x0000000086600000|100%| O|  |TAMS 0x0000000086600000, 0x0000000086500000| Untracked 
|  22|0x0000000086600000, 0x0000000086700000, 0x0000000086700000|100%| O|  |TAMS 0x0000000086700000, 0x0000000086600000| Untracked 
|  23|0x0000000086700000, 0x0000000086800000, 0x0000000086800000|100%| O|  |TAMS 0x0000000086800000, 0x0000000086700000| Untracked 
|  24|0x0000000086800000, 0x0000000086900000, 0x0000000086900000|100%| O|  |TAMS 0x0000000086900000, 0x0000000086800000| Untracked 
|  25|0x0000000086900000, 0x0000000086a00000, 0x0000000086a00000|100%| O|  |TAMS 0x0000000086a00000, 0x0000000086900000| Untracked 
|  26|0x0000000086a00000, 0x0000000086b00000, 0x0000000086b00000|100%| O|  |TAMS 0x0000000086b00000, 0x0000000086a00000| Untracked 
|  27|0x0000000086b00000, 0x0000000086c00000, 0x0000000086c00000|100%| O|  |TAMS 0x0000000086c00000, 0x0000000086b00000| Untracked 
|  28|0x0000000086c00000, 0x0000000086d00000, 0x0000000086d00000|100%| O|  |TAMS 0x0000000086d00000, 0x0000000086c00000| Untracked 
|  29|0x0000000086d00000, 0x0000000086e00000, 0x0000000086e00000|100%| O|  |TAMS 0x0000000086e00000, 0x0000000086d00000| Untracked 
|  30|0x0000000086e00000, 0x0000000086f00000, 0x0000000086f00000|100%| O|  |TAMS 0x0000000086f00000, 0x0000000086e00000| Untracked 
|  31|0x0000000086f00000, 0x0000000087000000, 0x0000000087000000|100%| O|  |TAMS 0x0000000087000000, 0x0000000086f00000| Untracked 
|  32|0x0000000087000000, 0x0000000087100000, 0x0000000087100000|100%| O|  |TAMS 0x0000000087100000, 0x0000000087000000| Untracked 
|  33|0x0000000087100000, 0x0000000087200000, 0x0000000087200000|100%| O|  |TAMS 0x0000000087200000, 0x0000000087100000| Untracked 
|  34|0x0000000087200000, 0x0000000087300000, 0x0000000087300000|100%| O|  |TAMS 0x0000000087300000, 0x0000000087200000| Untracked 
|  35|0x0000000087300000, 0x0000000087400000, 0x0000000087400000|100%| O|  |TAMS 0x0000000087400000, 0x0000000087300000| Untracked 
|  36|0x0000000087400000, 0x0000000087400000, 0x0000000087500000|  0%| F|  |TAMS 0x0000000087400000, 0x0000000087400000| Untracked 
|  37|0x0000000087500000, 0x0000000087500000, 0x0000000087600000|  0%| F|  |TAMS 0x0000000087500000, 0x0000000087500000| Untracked 
|  38|0x0000000087600000, 0x0000000087700000, 0x0000000087700000|100%| O|  |TAMS 0x0000000087700000, 0x0000000087600000| Untracked 
|  39|0x0000000087700000, 0x0000000087800000, 0x0000000087800000|100%|HS|  |TAMS 0x0000000087700000, 0x0000000087700000| Complete 
|  40|0x0000000087800000, 0x0000000087900000, 0x0000000087900000|100%|HC|  |TAMS 0x0000000087800000, 0x0000000087800000| Complete 
|  41|0x0000000087900000, 0x0000000087a00000, 0x0000000087a00000|100%| O|  |TAMS 0x0000000087a00000, 0x0000000087900000| Untracked 
|  42|0x0000000087a00000, 0x0000000087b00000, 0x0000000087b00000|100%| O|  |TAMS 0x0000000087b00000, 0x0000000087a00000| Untracked 
|  43|0x0000000087b00000, 0x0000000087c00000, 0x0000000087c00000|100%| O|  |TAMS 0x0000000087c00000, 0x0000000087b00000| Untracked 
|  44|0x0000000087c00000, 0x0000000087d00000, 0x0000000087d00000|100%| O|  |TAMS 0x0000000087d00000, 0x0000000087c00000| Untracked 
|  45|0x0000000087d00000, 0x0000000087e00000, 0x0000000087e00000|100%| O|  |TAMS 0x0000000087e00000, 0x0000000087d00000| Untracked 
|  46|0x0000000087e00000, 0x0000000087f00000, 0x0000000087f00000|100%| O|  |TAMS 0x0000000087f00000, 0x0000000087e00000| Untracked 
|  47|0x0000000087f00000, 0x0000000088000000, 0x0000000088000000|100%| O|  |TAMS 0x0000000088000000, 0x0000000087f00000| Untracked 
|  48|0x0000000088000000, 0x0000000088100000, 0x0000000088100000|100%| O|  |TAMS 0x000000008804d400, 0x0000000088000000| Untracked 
|  49|0x0000000088100000, 0x0000000088200000, 0x0000000088200000|100%| O|  |TAMS 0x0000000088100000, 0x0000000088100000| Untracked 
|  50|0x0000000088200000, 0x0000000088200000, 0x0000000088300000|  0%| F|  |TAMS 0x0000000088200000, 0x0000000088200000| Untracked 
|  51|0x0000000088300000, 0x0000000088400000, 0x0000000088400000|100%| O|  |TAMS 0x0000000088400000, 0x0000000088300000| Untracked 
|  52|0x0000000088400000, 0x0000000088500000, 0x0000000088500000|100%| O|  |TAMS 0x0000000088500000, 0x0000000088400000| Untracked 
|  53|0x0000000088500000, 0x0000000088600000, 0x0000000088600000|100%| O|  |TAMS 0x0000000088500000, 0x0000000088500000| Untracked 
|  54|0x0000000088600000, 0x0000000088700000, 0x0000000088700000|100%| O|  |TAMS 0x0000000088600000, 0x0000000088600000| Untracked 
|  55|0x0000000088700000, 0x0000000088700000, 0x0000000088800000|  0%| F|  |TAMS 0x0000000088700000, 0x0000000088700000| Untracked 
|  56|0x0000000088800000, 0x0000000088800000, 0x0000000088900000|  0%| F|  |TAMS 0x0000000088800000, 0x0000000088800000| Untracked 
|  57|0x0000000088900000, 0x0000000088900000, 0x0000000088a00000|  0%| F|  |TAMS 0x0000000088900000, 0x0000000088900000| Untracked 
|  58|0x0000000088a00000, 0x0000000088a00000, 0x0000000088b00000|  0%| F|  |TAMS 0x0000000088a00000, 0x0000000088a00000| Untracked 
|  59|0x0000000088b00000, 0x0000000088b00000, 0x0000000088c00000|  0%| F|  |TAMS 0x0000000088b00000, 0x0000000088b00000| Untracked 
|  60|0x0000000088c00000, 0x0000000088c00000, 0x0000000088d00000|  0%| F|  |TAMS 0x0000000088c00000, 0x0000000088c00000| Untracked 
|  61|0x0000000088d00000, 0x0000000088d00000, 0x0000000088e00000|  0%| F|  |TAMS 0x0000000088d00000, 0x0000000088d00000| Untracked 
|  62|0x0000000088e00000, 0x0000000088e00000, 0x0000000088f00000|  0%| F|  |TAMS 0x0000000088e00000, 0x0000000088e00000| Untracked 
|  63|0x0000000088f00000, 0x0000000088f00000, 0x0000000089000000|  0%| F|  |TAMS 0x0000000088f00000, 0x0000000088f00000| Untracked 
|  64|0x0000000089000000, 0x0000000089000000, 0x0000000089100000|  0%| F|  |TAMS 0x0000000089000000, 0x0000000089000000| Untracked 
|  65|0x0000000089100000, 0x0000000089100000, 0x0000000089200000|  0%| F|  |TAMS 0x0000000089100000, 0x0000000089100000| Untracked 
|  66|0x0000000089200000, 0x0000000089200000, 0x0000000089300000|  0%| F|  |TAMS 0x0000000089200000, 0x0000000089200000| Untracked 
|  67|0x0000000089300000, 0x000000008931b3e0, 0x0000000089400000| 10%| S|CS|TAMS 0x0000000089300000, 0x0000000089300000| Complete 
|  68|0x0000000089400000, 0x0000000089500000, 0x0000000089500000|100%| S|CS|TAMS 0x0000000089400000, 0x0000000089400000| Complete 
|  69|0x0000000089500000, 0x0000000089500000, 0x0000000089600000|  0%| F|  |TAMS 0x0000000089500000, 0x0000000089500000| Untracked 
|  70|0x0000000089600000, 0x0000000089600000, 0x0000000089700000|  0%| F|  |TAMS 0x0000000089600000, 0x0000000089600000| Untracked 
|  71|0x0000000089700000, 0x0000000089700000, 0x0000000089800000|  0%| F|  |TAMS 0x0000000089700000, 0x0000000089700000| Untracked 
|  72|0x0000000089800000, 0x0000000089800000, 0x0000000089900000|  0%| F|  |TAMS 0x0000000089800000, 0x0000000089800000| Untracked 
|  73|0x0000000089900000, 0x0000000089900000, 0x0000000089a00000|  0%| F|  |TAMS 0x0000000089900000, 0x0000000089900000| Untracked 
|  74|0x0000000089a00000, 0x0000000089a00000, 0x0000000089b00000|  0%| F|  |TAMS 0x0000000089a00000, 0x0000000089a00000| Untracked 
|  75|0x0000000089b00000, 0x0000000089b00000, 0x0000000089c00000|  0%| F|  |TAMS 0x0000000089b00000, 0x0000000089b00000| Untracked 
|  76|0x0000000089c00000, 0x0000000089c00000, 0x0000000089d00000|  0%| F|  |TAMS 0x0000000089c00000, 0x0000000089c00000| Untracked 
|  77|0x0000000089d00000, 0x0000000089d00000, 0x0000000089e00000|  0%| F|  |TAMS 0x0000000089d00000, 0x0000000089d00000| Untracked 
|  78|0x0000000089e00000, 0x0000000089e00000, 0x0000000089f00000|  0%| F|  |TAMS 0x0000000089e00000, 0x0000000089e00000| Untracked 
|  79|0x0000000089f00000, 0x0000000089f00000, 0x000000008a000000|  0%| F|  |TAMS 0x0000000089f00000, 0x0000000089f00000| Untracked 
|  80|0x000000008a000000, 0x000000008a000000, 0x000000008a100000|  0%| F|  |TAMS 0x000000008a000000, 0x000000008a000000| Untracked 
|  81|0x000000008a100000, 0x000000008a100000, 0x000000008a200000|  0%| F|  |TAMS 0x000000008a100000, 0x000000008a100000| Untracked 
|  82|0x000000008a200000, 0x000000008a200000, 0x000000008a300000|  0%| F|  |TAMS 0x000000008a200000, 0x000000008a200000| Untracked 
|  83|0x000000008a300000, 0x000000008a300000, 0x000000008a400000|  0%| F|  |TAMS 0x000000008a300000, 0x000000008a300000| Untracked 
|  84|0x000000008a400000, 0x000000008a400000, 0x000000008a500000|  0%| F|  |TAMS 0x000000008a400000, 0x000000008a400000| Untracked 
|  85|0x000000008a500000, 0x000000008a500000, 0x000000008a600000|  0%| F|  |TAMS 0x000000008a500000, 0x000000008a500000| Untracked 
|  86|0x000000008a600000, 0x000000008a600000, 0x000000008a700000|  0%| F|  |TAMS 0x000000008a600000, 0x000000008a600000| Untracked 
|  87|0x000000008a700000, 0x000000008a700000, 0x000000008a800000|  0%| F|  |TAMS 0x000000008a700000, 0x000000008a700000| Untracked 
|  88|0x000000008a800000, 0x000000008a800000, 0x000000008a900000|  0%| F|  |TAMS 0x000000008a800000, 0x000000008a800000| Untracked 
|  89|0x000000008a900000, 0x000000008a900000, 0x000000008aa00000|  0%| F|  |TAMS 0x000000008a900000, 0x000000008a900000| Untracked 
|  90|0x000000008aa00000, 0x000000008aa00000, 0x000000008ab00000|  0%| F|  |TAMS 0x000000008aa00000, 0x000000008aa00000| Untracked 
|  91|0x000000008ab00000, 0x000000008ab00000, 0x000000008ac00000|  0%| F|  |TAMS 0x000000008ab00000, 0x000000008ab00000| Untracked 
|  92|0x000000008ac00000, 0x000000008ac00000, 0x000000008ad00000|  0%| F|  |TAMS 0x000000008ac00000, 0x000000008ac00000| Untracked 
|  93|0x000000008ad00000, 0x000000008ad00000, 0x000000008ae00000|  0%| F|  |TAMS 0x000000008ad00000, 0x000000008ad00000| Untracked 
|  94|0x000000008ae00000, 0x000000008ae00000, 0x000000008af00000|  0%| F|  |TAMS 0x000000008ae00000, 0x000000008ae00000| Untracked 
|  95|0x000000008af00000, 0x000000008af00000, 0x000000008b000000|  0%| F|  |TAMS 0x000000008af00000, 0x000000008af00000| Untracked 
|  96|0x000000008b000000, 0x000000008b000000, 0x000000008b100000|  0%| F|  |TAMS 0x000000008b000000, 0x000000008b000000| Untracked 
|  97|0x000000008b100000, 0x000000008b100000, 0x000000008b200000|  0%| F|  |TAMS 0x000000008b100000, 0x000000008b100000| Untracked 
|  98|0x000000008b200000, 0x000000008b200000, 0x000000008b300000|  0%| F|  |TAMS 0x000000008b200000, 0x000000008b200000| Untracked 
|  99|0x000000008b300000, 0x000000008b300000, 0x000000008b400000|  0%| F|  |TAMS 0x000000008b300000, 0x000000008b300000| Untracked 
| 100|0x000000008b400000, 0x000000008b400000, 0x000000008b500000|  0%| F|  |TAMS 0x000000008b400000, 0x000000008b400000| Untracked 
| 101|0x000000008b500000, 0x000000008b500000, 0x000000008b600000|  0%| F|  |TAMS 0x000000008b500000, 0x000000008b500000| Untracked 
| 102|0x000000008b600000, 0x000000008b600000, 0x000000008b700000|  0%| F|  |TAMS 0x000000008b600000, 0x000000008b600000| Untracked 
| 103|0x000000008b700000, 0x000000008b700000, 0x000000008b800000|  0%| F|  |TAMS 0x000000008b700000, 0x000000008b700000| Untracked 
| 104|0x000000008b800000, 0x000000008b800000, 0x000000008b900000|  0%| F|  |TAMS 0x000000008b800000, 0x000000008b800000| Untracked 
| 105|0x000000008b900000, 0x000000008b900000, 0x000000008ba00000|  0%| F|  |TAMS 0x000000008b900000, 0x000000008b900000| Untracked 
| 106|0x000000008ba00000, 0x000000008ba00000, 0x000000008bb00000|  0%| F|  |TAMS 0x000000008ba00000, 0x000000008ba00000| Untracked 
| 107|0x000000008bb00000, 0x000000008bb00000, 0x000000008bc00000|  0%| F|  |TAMS 0x000000008bb00000, 0x000000008bb00000| Untracked 
| 108|0x000000008bc00000, 0x000000008bc00000, 0x000000008bd00000|  0%| F|  |TAMS 0x000000008bc00000, 0x000000008bc00000| Untracked 
| 109|0x000000008bd00000, 0x000000008bd00000, 0x000000008be00000|  0%| F|  |TAMS 0x000000008bd00000, 0x000000008bd00000| Untracked 
| 110|0x000000008be00000, 0x000000008be00000, 0x000000008bf00000|  0%| F|  |TAMS 0x000000008be00000, 0x000000008be00000| Untracked 
| 111|0x000000008bf00000, 0x000000008bf00000, 0x000000008c000000|  0%| F|  |TAMS 0x000000008bf00000, 0x000000008bf00000| Untracked 
| 112|0x000000008c000000, 0x000000008c000000, 0x000000008c100000|  0%| F|  |TAMS 0x000000008c000000, 0x000000008c000000| Untracked 
| 113|0x000000008c100000, 0x000000008c100000, 0x000000008c200000|  0%| F|  |TAMS 0x000000008c100000, 0x000000008c100000| Untracked 
| 114|0x000000008c200000, 0x000000008c2220f8, 0x000000008c300000| 13%| E|  |TAMS 0x000000008c200000, 0x000000008c200000| Complete 
| 115|0x000000008c300000, 0x000000008c400000, 0x000000008c400000|100%| E|CS|TAMS 0x000000008c300000, 0x000000008c300000| Complete 
| 116|0x000000008c400000, 0x000000008c500000, 0x000000008c500000|100%| E|CS|TAMS 0x000000008c400000, 0x000000008c400000| Complete 
| 117|0x000000008c500000, 0x000000008c600000, 0x000000008c600000|100%| E|CS|TAMS 0x000000008c500000, 0x000000008c500000| Complete 
| 118|0x000000008c600000, 0x000000008c700000, 0x000000008c700000|100%| E|CS|TAMS 0x000000008c600000, 0x000000008c600000| Complete 
| 119|0x000000008c700000, 0x000000008c800000, 0x000000008c800000|100%| E|CS|TAMS 0x000000008c700000, 0x000000008c700000| Complete 
| 120|0x000000008c800000, 0x000000008c900000, 0x000000008c900000|100%| E|CS|TAMS 0x000000008c800000, 0x000000008c800000| Complete 
| 121|0x000000008c900000, 0x000000008ca00000, 0x000000008ca00000|100%| E|CS|TAMS 0x000000008c900000, 0x000000008c900000| Complete 
| 122|0x000000008ca00000, 0x000000008cb00000, 0x000000008cb00000|100%| E|CS|TAMS 0x000000008ca00000, 0x000000008ca00000| Complete 
| 123|0x000000008cb00000, 0x000000008cc00000, 0x000000008cc00000|100%| E|CS|TAMS 0x000000008cb00000, 0x000000008cb00000| Complete 
| 124|0x000000008cc00000, 0x000000008cd00000, 0x000000008cd00000|100%| E|CS|TAMS 0x000000008cc00000, 0x000000008cc00000| Complete 
| 125|0x000000008cd00000, 0x000000008ce00000, 0x000000008ce00000|100%| E|CS|TAMS 0x000000008cd00000, 0x000000008cd00000| Complete 
| 126|0x000000008ce00000, 0x000000008cf00000, 0x000000008cf00000|100%| E|CS|TAMS 0x000000008ce00000, 0x000000008ce00000| Complete 
| 127|0x000000008cf00000, 0x000000008d000000, 0x000000008d000000|100%| E|  |TAMS 0x000000008cf00000, 0x000000008cf00000| Complete 
| 128|0x000000008d000000, 0x000000008d100000, 0x000000008d100000|100%| E|CS|TAMS 0x000000008d000000, 0x000000008d000000| Complete 
| 129|0x000000008d100000, 0x000000008d200000, 0x000000008d200000|100%| E|CS|TAMS 0x000000008d100000, 0x000000008d100000| Complete 
| 130|0x000000008d200000, 0x000000008d300000, 0x000000008d300000|100%| E|CS|TAMS 0x000000008d200000, 0x000000008d200000| Complete 
| 131|0x000000008d300000, 0x000000008d400000, 0x000000008d400000|100%| E|CS|TAMS 0x000000008d300000, 0x000000008d300000| Complete 
| 132|0x000000008d400000, 0x000000008d500000, 0x000000008d500000|100%| E|CS|TAMS 0x000000008d400000, 0x000000008d400000| Complete 
| 133|0x000000008d500000, 0x000000008d600000, 0x000000008d600000|100%| E|CS|TAMS 0x000000008d500000, 0x000000008d500000| Complete 
| 134|0x000000008d600000, 0x000000008d700000, 0x000000008d700000|100%| E|CS|TAMS 0x000000008d600000, 0x000000008d600000| Complete 
| 135|0x000000008d700000, 0x000000008d800000, 0x000000008d800000|100%| E|CS|TAMS 0x000000008d700000, 0x000000008d700000| Complete 
| 148|0x000000008e400000, 0x000000008e500000, 0x000000008e500000|100%| E|CS|TAMS 0x000000008e400000, 0x000000008e400000| Complete 

Card table byte_map: [0x000002445ec80000,0x000002445f060000] _byte_map_base: 0x000002445e858000

Marking Bits (Prev, Next): (CMBitMap*) 0x0000024447cd7c60, (CMBitMap*) 0x0000024447cd7ca0
 Prev Bits: [0x000002445f440000, 0x0000024461300000)
 Next Bits: [0x0000024461300000, 0x00000244631c0000)

Polling page: 0x0000024445b70000

Metaspace:

Usage:
  Non-class:     87.35 MB used.
      Class:     13.15 MB used.
       Both:    100.50 MB used.

Virtual space:
  Non-class space:      128.00 MB reserved,      87.75 MB ( 69%) committed,  2 nodes.
      Class space:        1.00 GB reserved,      13.50 MB (  1%) committed,  1 nodes.
             Both:        1.12 GB reserved,     101.25 MB (  9%) committed. 

Chunk freelists:
   Non-Class:  7.66 MB
       Class:  2.44 MB
        Both:  10.10 MB

MaxMetaspaceSize: unlimited
CompressedClassSpaceSize: 1.00 GB
Initial GC threshold: 21.00 MB
Current GC threshold: 167.75 MB
CDS: on
MetaspaceReclaimPolicy: balanced
 - commit_granule_bytes: 65536.
 - commit_granule_words: 8192.
 - virtual_space_node_default_size: 8388608.
 - enlarge_chunks_in_place: 1.
 - new_chunks_are_fully_committed: 0.
 - uncommit_free_chunks: 1.
 - use_allocation_guard: 0.
 - handle_deallocations: 1.


Internal statistics:

num_allocs_failed_limit: 9.
num_arena_births: 1254.
num_arena_deaths: 88.
num_vsnodes_births: 3.
num_vsnodes_deaths: 0.
num_space_committed: 1620.
num_space_uncommitted: 0.
num_chunks_returned_to_freelist: 118.
num_chunks_taken_from_freelist: 5188.
num_chunk_merges: 44.
num_chunk_splits: 3668.
num_chunks_enlarged: 2848.
num_inconsistent_stats: 0.

CodeHeap 'non-profiled nmethods': size=120000Kb used=15002Kb max_used=15002Kb free=104997Kb
 bounds [0x0000024457020000, 0x0000024457ed0000, 0x000002445e550000]
CodeHeap 'profiled nmethods': size=120000Kb used=22229Kb max_used=26047Kb free=97770Kb
 bounds [0x000002444f550000, 0x0000024450ed0000, 0x0000024456a80000]
CodeHeap 'non-nmethods': size=5760Kb used=1473Kb max_used=1567Kb free=4287Kb
 bounds [0x0000024456a80000, 0x0000024456cf0000, 0x0000024457020000]
 total_blobs=13967 nmethods=13142 adapters=736
 compilation: enabled
              stopped_count=0, restarted_count=0
 full_count=0

Compilation events (20 events):
Event: 798.856 Thread 0x000002446f4b8650 nmethod 17325 0x0000024457eb2490 code [0x0000024457eb2b20, 0x0000024457eb9680]
Event: 799.740 Thread 0x000002446f4b8650 17332   !   4       org.postgresql.core.v3.QueryExecutorImpl::sendBind (809 bytes)
Event: 799.778 Thread 0x0000024465bf95d0 17333       4       org.hibernate.internal.util.collections.StandardStack::pop (44 bytes)
Event: 799.783 Thread 0x0000024465bf95d0 nmethod 17333 0x0000024457ebec90 code [0x0000024457ebee00, 0x0000024457ebef38]
Event: 799.844 Thread 0x0000024465bf95d0 17334       4       org.postgresql.jdbc.PgPreparedStatement::isOneShotQuery (15 bytes)
Event: 799.848 Thread 0x0000024465bf95d0 nmethod 17334 0x0000024457ebf010 code [0x0000024457ebf180, 0x0000024457ebf278]
Event: 800.005 Thread 0x0000024465c050b0 17335       3       sun.management.MappedMXBeanType$MapMXBeanType::toJavaTypeData (100 bytes)
Event: 800.008 Thread 0x000002446f4b8650 nmethod 17332 0x0000024457ebf410 code [0x0000024457ebf720, 0x0000024457ec2790]
Event: 800.011 Thread 0x0000024465c050b0 nmethod 17335 0x000002444f768890 code [0x000002444f768b20, 0x000002444f769a08]
Event: 800.011 Thread 0x0000024465c050b0 17336       3       javax.management.openmbean.TabularDataSupport::values (16 bytes)
Event: 800.012 Thread 0x0000024465c050b0 nmethod 17336 0x000002445061e210 code [0x000002445061e3c0, 0x000002445061e708]
Event: 800.012 Thread 0x0000024465c050b0 17337       3       com.sun.management.internal.GcInfoCompositeData::cast (5 bytes)
Event: 800.013 Thread 0x0000024465c050b0 nmethod 17337 0x000002444ffb3c10 code [0x000002444ffb3da0, 0x000002444ffb3f98]
Event: 801.058 Thread 0x0000024465bf95d0 17338       4       org.hibernate.sql.results.jdbc.internal.DeferredResultSetAccess::getResultCountEstimate (83 bytes)
Event: 801.068 Thread 0x0000024465bf95d0 nmethod 17338 0x0000024457ec4c10 code [0x0000024457ec4da0, 0x0000024457ec4e98]
Event: 801.190 Thread 0x0000024465c050b0 17339       3       org.apache.kafka.clients.consumer.internals.SubscriptionState::lambda$pausedPartitions$0 (8 bytes)
Event: 801.192 Thread 0x0000024465c050b0 nmethod 17339 0x0000024450951610 code [0x00000244509517c0, 0x0000024450951a38]
Event: 801.257 Thread 0x0000024465bf95d0 17340       4       org.hibernate.sql.results.jdbc.internal.DeferredResultSetAccess::<init> (403 bytes)
Event: 801.322 Thread 0x0000024465bf95d0 nmethod 17340 0x0000024457ec5010 code [0x0000024457ec5220, 0x0000024457ec60d8]
Event: 801.322 Thread 0x0000024465bf95d0 17341   !   4       org.springframework.transaction.interceptor.TransactionAspectSupport::invokeWithinTransaction (515 bytes)

GC Heap History (20 events):
Event: 757.647 GC heap before
{Heap before GC invocations=136 (full 0):
 garbage-first heap   total 140288K, used 120332K [0x0000000085000000, 0x0000000100000000)
  region size 1024K, 68 young (69632K), 3 survivors (3072K)
 Metaspace       used 102660K, committed 103488K, reserved 1179648K
  class space    used 13435K, committed 13824K, reserved 1048576K
}
Event: 757.651 GC heap after
{Heap after GC invocations=137 (full 0):
 garbage-first heap   total 140288K, used 54704K [0x0000000085000000, 0x0000000100000000)
  region size 1024K, 3 young (3072K), 3 survivors (3072K)
 Metaspace       used 102660K, committed 103488K, reserved 1179648K
  class space    used 13435K, committed 13824K, reserved 1048576K
}
Event: 759.673 GC heap before
{Heap before GC invocations=137 (full 0):
 garbage-first heap   total 140288K, used 120240K [0x0000000085000000, 0x0000000100000000)
  region size 1024K, 68 young (69632K), 3 survivors (3072K)
 Metaspace       used 102660K, committed 103488K, reserved 1179648K
  class space    used 13435K, committed 13824K, reserved 1048576K
}
Event: 759.686 GC heap after
{Heap after GC invocations=138 (full 0):
 garbage-first heap   total 140288K, used 54703K [0x0000000085000000, 0x0000000100000000)
  region size 1024K, 3 young (3072K), 3 survivors (3072K)
 Metaspace       used 102660K, committed 103488K, reserved 1179648K
  class space    used 13435K, committed 13824K, reserved 1048576K
}
Event: 763.574 GC heap before
{Heap before GC invocations=138 (full 0):
 garbage-first heap   total 140288K, used 121263K [0x0000000085000000, 0x0000000100000000)
  region size 1024K, 68 young (69632K), 3 survivors (3072K)
 Metaspace       used 102666K, committed 103488K, reserved 1179648K
  class space    used 13435K, committed 13824K, reserved 1048576K
}
Event: 763.579 GC heap after
{Heap after GC invocations=139 (full 0):
 garbage-first heap   total 140288K, used 54448K [0x0000000085000000, 0x0000000100000000)
  region size 1024K, 3 young (3072K), 3 survivors (3072K)
 Metaspace       used 102666K, committed 103488K, reserved 1179648K
  class space    used 13435K, committed 13824K, reserved 1048576K
}
Event: 767.233 GC heap before
{Heap before GC invocations=139 (full 0):
 garbage-first heap   total 140288K, used 121008K [0x0000000085000000, 0x0000000100000000)
  region size 1024K, 68 young (69632K), 3 survivors (3072K)
 Metaspace       used 102677K, committed 103488K, reserved 1179648K
  class space    used 13435K, committed 13824K, reserved 1048576K
}
Event: 767.237 GC heap after
{Heap after GC invocations=140 (full 0):
 garbage-first heap   total 140288K, used 54174K [0x0000000085000000, 0x0000000100000000)
  region size 1024K, 2 young (2048K), 2 survivors (2048K)
 Metaspace       used 102677K, committed 103488K, reserved 1179648K
  class space    used 13435K, committed 13824K, reserved 1048576K
}
Event: 769.520 GC heap before
{Heap before GC invocations=140 (full 0):
 garbage-first heap   total 140288K, used 121758K [0x0000000085000000, 0x0000000100000000)
  region size 1024K, 69 young (70656K), 2 survivors (2048K)
 Metaspace       used 102680K, committed 103488K, reserved 1179648K
  class space    used 13435K, committed 13824K, reserved 1048576K
}
Event: 769.524 GC heap after
{Heap after GC invocations=141 (full 0):
 garbage-first heap   total 140288K, used 54056K [0x0000000085000000, 0x0000000100000000)
  region size 1024K, 2 young (2048K), 2 survivors (2048K)
 Metaspace       used 102680K, committed 103488K, reserved 1179648K
  class space    used 13435K, committed 13824K, reserved 1048576K
}
Event: 772.433 GC heap before
{Heap before GC invocations=141 (full 0):
 garbage-first heap   total 140288K, used 121640K [0x0000000085000000, 0x0000000100000000)
  region size 1024K, 69 young (70656K), 2 survivors (2048K)
 Metaspace       used 102710K, committed 103488K, reserved 1179648K
  class space    used 13436K, committed 13824K, reserved 1048576K
}
Event: 772.439 GC heap after
{Heap after GC invocations=142 (full 0):
 garbage-first heap   total 140288K, used 53929K [0x0000000085000000, 0x0000000100000000)
  region size 1024K, 2 young (2048K), 2 survivors (2048K)
 Metaspace       used 102710K, committed 103488K, reserved 1179648K
  class space    used 13436K, committed 13824K, reserved 1048576K
}
Event: 774.014 GC heap before
{Heap before GC invocations=142 (full 0):
 garbage-first heap   total 140288K, used 121513K [0x0000000085000000, 0x0000000100000000)
  region size 1024K, 69 young (70656K), 2 survivors (2048K)
 Metaspace       used 102853K, committed 103616K, reserved 1179648K
  class space    used 13458K, committed 13824K, reserved 1048576K
}
Event: 774.020 GC heap after
{Heap after GC invocations=143 (full 0):
 garbage-first heap   total 140288K, used 53947K [0x0000000085000000, 0x0000000100000000)
  region size 1024K, 2 young (2048K), 2 survivors (2048K)
 Metaspace       used 102853K, committed 103616K, reserved 1179648K
  class space    used 13458K, committed 13824K, reserved 1048576K
}
Event: 775.655 GC heap before
{Heap before GC invocations=143 (full 0):
 garbage-first heap   total 140288K, used 121531K [0x0000000085000000, 0x0000000100000000)
  region size 1024K, 69 young (70656K), 2 survivors (2048K)
 Metaspace       used 102896K, committed 103680K, reserved 1179648K
  class space    used 13463K, committed 13824K, reserved 1048576K
}
Event: 775.659 GC heap after
{Heap after GC invocations=144 (full 0):
 garbage-first heap   total 140288K, used 53750K [0x0000000085000000, 0x0000000100000000)
  region size 1024K, 2 young (2048K), 2 survivors (2048K)
 Metaspace       used 102896K, committed 103680K, reserved 1179648K
  class space    used 13463K, committed 13824K, reserved 1048576K
}
Event: 796.388 GC heap before
{Heap before GC invocations=144 (full 0):
 garbage-first heap   total 140288K, used 121334K [0x0000000085000000, 0x0000000100000000)
  region size 1024K, 69 young (70656K), 2 survivors (2048K)
 Metaspace       used 102908K, committed 103680K, reserved 1179648K
  class space    used 13463K, committed 13824K, reserved 1048576K
}
Event: 796.664 GC heap after
{Heap after GC invocations=145 (full 0):
 garbage-first heap   total 140288K, used 53531K [0x0000000085000000, 0x0000000100000000)
  region size 1024K, 2 young (2048K), 2 survivors (2048K)
 Metaspace       used 102908K, committed 103680K, reserved 1179648K
  class space    used 13463K, committed 13824K, reserved 1048576K
}
Event: 799.994 GC heap before
{Heap before GC invocations=145 (full 0):
 garbage-first heap   total 140288K, used 121115K [0x0000000085000000, 0x0000000100000000)
  region size 1024K, 69 young (70656K), 2 survivors (2048K)
 Metaspace       used 102909K, committed 103680K, reserved 1179648K
  class space    used 13463K, committed 13824K, reserved 1048576K
}
Event: 800.000 GC heap after
{Heap after GC invocations=146 (full 0):
 garbage-first heap   total 140288K, used 53471K [0x0000000085000000, 0x0000000100000000)
  region size 1024K, 2 young (2048K), 2 survivors (2048K)
 Metaspace       used 102909K, committed 103680K, reserved 1179648K
  class space    used 13463K, committed 13824K, reserved 1048576K
}

Deoptimization events (20 events):
Event: 775.552 Thread 0x000002446e02acf0 Uncommon trap: trap_request=0xffffffde fr.pc=0x0000024457df8108 relative=0x0000000000001c08
Event: 775.552 Thread 0x000002446e02acf0 Uncommon trap: reason=class_check action=maybe_recompile pc=0x0000024457df8108 method=org.springframework.messaging.handler.invocation.HandlerMethodArgumentResolverComposite.resolveArgument(Lorg/springframework/core/MethodParameter;Lorg/springframework/me
Event: 775.552 Thread 0x000002446e02acf0 DEOPT PACKING pc=0x0000024457df8108 sp=0x000000d36cbfea50
Event: 775.552 Thread 0x000002446e02acf0 DEOPT UNPACKING pc=0x0000024456ad5ba3 sp=0x000000d36cbfe8b8 mode 2
Event: 775.686 Thread 0x000002446e02acf0 Uncommon trap: trap_request=0xffffffde fr.pc=0x0000024457e5f2a8 relative=0x00000000000047c8
Event: 775.686 Thread 0x000002446e02acf0 Uncommon trap: reason=class_check action=maybe_recompile pc=0x0000024457e5f2a8 method=org.hibernate.sql.results.jdbc.internal.JdbcValuesResultSetImpl.<init>(Lorg/hibernate/sql/results/jdbc/internal/ResultSetAccess;Lorg/hibernate/cache/spi/QueryKey;Ljava/l
Event: 775.686 Thread 0x000002446e02acf0 DEOPT PACKING pc=0x0000024457e5f2a8 sp=0x000000d36cbfaf70
Event: 775.686 Thread 0x000002446e02acf0 DEOPT UNPACKING pc=0x0000024456ad5ba3 sp=0x000000d36cbfafb8 mode 2
Event: 775.686 Thread 0x000002446e02acf0 Uncommon trap: trap_request=0xffffffde fr.pc=0x0000024457acf91c relative=0x000000000000049c
Event: 775.686 Thread 0x000002446e02acf0 Uncommon trap: reason=class_check action=maybe_recompile pc=0x0000024457acf91c method=org.hibernate.sql.results.jdbc.internal.JdbcValuesResultSetImpl.getCurrentRowValue(I)Ljava/lang/Object; @ 32 c2
Event: 775.686 Thread 0x000002446e02acf0 DEOPT PACKING pc=0x0000024457acf91c sp=0x000000d36cbfad30
Event: 775.686 Thread 0x000002446e02acf0 DEOPT UNPACKING pc=0x0000024456ad5ba3 sp=0x000000d36cbface0 mode 2
Event: 775.792 Thread 0x000002446e02acf0 Uncommon trap: trap_request=0xffffff45 fr.pc=0x000002445778f7d4 relative=0x00000000000021b4
Event: 775.792 Thread 0x000002446e02acf0 Uncommon trap: reason=unstable_if action=reinterpret pc=0x000002445778f7d4 method=org.postgresql.core.v3.SimpleQuery.needUpdateFieldFormats()Z @ 4 c2
Event: 775.792 Thread 0x000002446e02acf0 DEOPT PACKING pc=0x000002445778f7d4 sp=0x000000d36cbfaa30
Event: 775.792 Thread 0x000002446e02acf0 DEOPT UNPACKING pc=0x0000024456ad5ba3 sp=0x000000d36cbfa968 mode 2
Event: 775.814 Thread 0x000002446e02acf0 Uncommon trap: trap_request=0xffffffde fr.pc=0x0000024457acf91c relative=0x000000000000049c
Event: 775.814 Thread 0x000002446e02acf0 Uncommon trap: reason=class_check action=maybe_recompile pc=0x0000024457acf91c method=org.hibernate.sql.results.jdbc.internal.JdbcValuesResultSetImpl.getCurrentRowValue(I)Ljava/lang/Object; @ 32 c2
Event: 775.814 Thread 0x000002446e02acf0 DEOPT PACKING pc=0x0000024457acf91c sp=0x000000d36cbfac50
Event: 775.814 Thread 0x000002446e02acf0 DEOPT UNPACKING pc=0x0000024456ad5ba3 sp=0x000000d36cbfac00 mode 2

Classes unloaded (20 events):
Event: 431.152 Thread 0x0000024465bd9970 Unloading class 0x0000024401d01c00 'java/lang/invoke/LambdaForm$DMH+0x0000024401d01c00'
Event: 431.152 Thread 0x0000024465bd9970 Unloading class 0x0000024401d01800 'java/lang/invoke/LambdaForm$DMH+0x0000024401d01800'
Event: 431.152 Thread 0x0000024465bd9970 Unloading class 0x0000024401d01400 'java/lang/invoke/LambdaForm$DMH+0x0000024401d01400'
Event: 431.152 Thread 0x0000024465bd9970 Unloading class 0x0000024401d01000 'java/lang/invoke/LambdaForm$DMH+0x0000024401d01000'
Event: 431.152 Thread 0x0000024465bd9970 Unloading class 0x0000024401d00c00 'java/lang/invoke/LambdaForm$DMH+0x0000024401d00c00'
Event: 431.152 Thread 0x0000024465bd9970 Unloading class 0x0000024401d00800 'java/lang/invoke/LambdaForm$DMH+0x0000024401d00800'
Event: 431.152 Thread 0x0000024465bd9970 Unloading class 0x0000024401d00400 'java/lang/invoke/LambdaForm$DMH+0x0000024401d00400'
Event: 431.152 Thread 0x0000024465bd9970 Unloading class 0x0000024401cf1c00 'java/lang/invoke/LambdaForm$DMH+0x0000024401cf1c00'
Event: 431.152 Thread 0x0000024465bd9970 Unloading class 0x0000024401cf1800 'java/lang/invoke/LambdaForm$DMH+0x0000024401cf1800'
Event: 431.152 Thread 0x0000024465bd9970 Unloading class 0x0000024401cf1400 'java/lang/invoke/LambdaForm$DMH+0x0000024401cf1400'
Event: 431.152 Thread 0x0000024465bd9970 Unloading class 0x0000024401cf0c00 'java/lang/invoke/LambdaForm$DMH+0x0000024401cf0c00'
Event: 431.152 Thread 0x0000024465bd9970 Unloading class 0x0000024401cf1000 'java/lang/invoke/LambdaForm$DMH+0x0000024401cf1000'
Event: 431.152 Thread 0x0000024465bd9970 Unloading class 0x0000024401cf0800 'java/lang/invoke/LambdaForm$DMH+0x0000024401cf0800'
Event: 431.152 Thread 0x0000024465bd9970 Unloading class 0x0000024401cf0400 'java/lang/invoke/LambdaForm$DMH+0x0000024401cf0400'
Event: 431.152 Thread 0x0000024465bd9970 Unloading class 0x0000024401cf0000 'java/lang/invoke/LambdaForm$DMH+0x0000024401cf0000'
Event: 431.152 Thread 0x0000024465bd9970 Unloading class 0x0000024401cec800 'java/lang/invoke/LambdaForm$DMH+0x0000024401cec800'
Event: 431.152 Thread 0x0000024465bd9970 Unloading class 0x0000024401cb5000 'java/lang/invoke/LambdaForm$DMH+0x0000024401cb5000'
Event: 431.152 Thread 0x0000024465bd9970 Unloading class 0x0000024401cb4400 'java/lang/invoke/LambdaForm$DMH+0x0000024401cb4400'
Event: 431.153 Thread 0x0000024465bd9970 Unloading class 0x0000024401ca9000 'java/lang/invoke/LambdaForm$DMH+0x0000024401ca9000'
Event: 431.153 Thread 0x0000024465bd9970 Unloading class 0x0000024401ca8800 'java/lang/invoke/LambdaForm$DMH+0x0000024401ca8800'

Classes redefined (0 events):
No events

Internal exceptions (20 events):
Event: 421.360 Thread 0x0000024470ade9f0 Exception <a 'java/lang/NoSuchMethodError'{0x000000008a681928}: 'void java.lang.invoke.DirectMethodHandle$Holder.invokeStatic(java.lang.Object, int, java.lang.Object, java.lang.Object, java.lang.Object, java.lang.Object)'> (0x000000008a681928) 
thrown [s\open\src\hotspot\share\interpreter\linkResolver.cpp, line 759]
Event: 426.480 Thread 0x000002446c9332a0 Exception <a 'java/lang/NoSuchMethodError'{0x000000008a7701c0}: 'double java.lang.invoke.DirectMethodHandle$Holder.invokeStatic(java.lang.Object, java.lang.Object, java.lang.Object, long)'> (0x000000008a7701c0) 
thrown [s\open\src\hotspot\share\interpreter\linkResolver.cpp, line 759]
Event: 426.509 Thread 0x000002446c9332a0 Exception <a 'java/lang/NoSuchMethodError'{0x000000008a65be68}: 'void java.lang.invoke.DirectMethodHandle$Holder.invokeSpecial(java.lang.Object, java.lang.Object, java.lang.Object, java.lang.Object, java.lang.Object, java.lang.Object, java.lang.Object, java.lang.Object, java.lang.Object)'> (0x000000008a65be68) 
thrown [s\open\src\hotspot\share\interpreter\linkResolver.cpp, line 759]
Event: 427.008 Thread 0x000002446c936030 Exception <a 'java/lang/NoSuchMethodError'{0x0000000089940cd8}: 'java.lang.Object java.lang.invoke.DirectMethodHandle$Holder.newInvokeSpecial(java.lang.Object, java.lang.Object, java.lang.Object, java.lang.Object, int, long, java.lang.Object)'> (0x0000000089940cd8) 
thrown [s\open\src\hotspot\share\interpreter\linkResolver.cpp, line 759]
Event: 457.556 Thread 0x000002446e3b8070 Implicit null exception at 0x0000024457a58762 to 0x0000024457a58cec
Event: 457.557 Thread 0x000002446e3b7b60 Implicit null exception at 0x0000024457a58762 to 0x0000024457a58cec
Event: 457.558 Thread 0x000002446e3b8070 Implicit null exception at 0x0000024457a58762 to 0x0000024457a58cec
Event: 457.559 Thread 0x000002446e3b7b60 Implicit null exception at 0x0000024457a58762 to 0x0000024457a58cec
Event: 503.315 Thread 0x000002446e02b710 Implicit null exception at 0x0000024457acf87f to 0x0000024457acfc2c
Event: 770.367 Thread 0x000002446e02acf0 Implicit null exception at 0x0000024457e1a2a1 to 0x0000024457e1a3f3
Event: 770.606 Thread 0x000002446e02acf0 Implicit null exception at 0x0000024457bec0a1 to 0x0000024457bec157
Event: 770.611 Thread 0x000002446e02acf0 Implicit null exception at 0x0000024457da615d to 0x0000024457da61a0
Event: 772.455 Thread 0x000002446e02acf0 Implicit null exception at 0x0000024457b57025 to 0x0000024457b571c9
Event: 772.479 Thread 0x000002446e02acf0 Implicit null exception at 0x0000024457af704b to 0x0000024457afcb1c
Event: 772.498 Thread 0x000002446e02acf0 Implicit null exception at 0x0000024457bc4830 to 0x0000024457bc49cc
Event: 772.502 Thread 0x000002446e02acf0 Implicit null exception at 0x0000024457cf7025 to 0x0000024457cf7cc8
Event: 773.105 Thread 0x000002446e02acf0 Exception <a 'java/lang/NoSuchMethodError'{0x000000008b9662f8}: 'int java.lang.invoke.DirectMethodHandle$Holder.invokeStatic(java.lang.Object, java.lang.Object, int, int)'> (0x000000008b9662f8) 
thrown [s\open\src\hotspot\share\interpreter\linkResolver.cpp, line 759]
Event: 774.197 Thread 0x000002446e02acf0 Implicit null exception at 0x0000024457b060ab to 0x0000024457b07958
Event: 774.198 Thread 0x000002446e02acf0 Implicit null exception at 0x0000024457bcdd5c to 0x0000024457bcf260
Event: 774.218 Thread 0x000002446e02acf0 Implicit null exception at 0x0000024457b54368 to 0x0000024457b544a0

VM Operations (20 events):
Event: 775.116 Executing VM operation: Cleanup
Event: 775.116 Executing VM operation: Cleanup done
Event: 775.655 Executing VM operation: G1CollectForAllocation
Event: 775.661 Executing VM operation: G1CollectForAllocation done
Event: 776.662 Executing VM operation: Cleanup
Event: 776.662 Executing VM operation: Cleanup done
Event: 781.837 Executing VM operation: HandshakeAllThreads
Event: 781.838 Executing VM operation: HandshakeAllThreads done
Event: 795.954 Executing VM operation: Cleanup
Event: 795.974 Executing VM operation: Cleanup done
Event: 796.359 Executing VM operation: G1CollectForAllocation
Event: 796.677 Executing VM operation: G1CollectForAllocation done
Event: 797.692 Executing VM operation: Cleanup
Event: 797.710 Executing VM operation: Cleanup done
Event: 798.717 Executing VM operation: Cleanup
Event: 798.735 Executing VM operation: Cleanup done
Event: 799.743 Executing VM operation: Cleanup
Event: 799.744 Executing VM operation: Cleanup done
Event: 799.856 Executing VM operation: G1CollectForAllocation
Event: 800.007 Executing VM operation: G1CollectForAllocation done

Events (20 events):
Event: 773.102 loading class jdk/internal/reflect/GeneratedMethodAccessor56 done
Event: 773.816 loading class jdk/internal/reflect/GeneratedMethodAccessor56
Event: 773.816 loading class jdk/internal/reflect/GeneratedMethodAccessor56 done
Event: 773.817 loading class jdk/internal/reflect/GeneratedMethodAccessor56
Event: 773.817 loading class jdk/internal/reflect/GeneratedMethodAccessor56 done
Event: 774.848 loading class jdk/internal/reflect/GeneratedMethodAccessor56
Event: 774.848 loading class jdk/internal/reflect/GeneratedMethodAccessor56 done
Event: 774.849 loading class jdk/internal/reflect/GeneratedMethodAccessor56
Event: 774.849 loading class jdk/internal/reflect/GeneratedMethodAccessor56 done
Event: 774.858 Thread 0x000002446f4bb0d0 Thread added: 0x000002446f4bb0d0
Event: 775.084 loading class jdk/internal/reflect/GeneratedMethodAccessor56
Event: 775.084 loading class jdk/internal/reflect/GeneratedMethodAccessor56 done
Event: 775.085 loading class jdk/internal/reflect/GeneratedMethodAccessor56
Event: 775.085 loading class jdk/internal/reflect/GeneratedMethodAccessor56 done
Event: 775.149 Thread 0x000002446f4bb0d0 Thread exited: 0x000002446f4bb0d0
Event: 794.697 Thread 0x000002446f4b8650 Thread added: 0x000002446f4b8650
Event: 794.699 Thread 0x000002446f4bab80 Thread added: 0x000002446f4bab80
Event: 795.314 Thread 0x000002446f4bab80 Thread exited: 0x000002446f4bab80
Event: 795.370 Thread 0x000002446ff013d0 Thread added: 0x000002446ff013d0
Event: 801.058 Thread 0x000002446f4b8650 Thread exited: 0x000002446f4b8650


Dynamic libraries:
0x00007ff7f83e0000 - 0x00007ff7f83f0000 	C:\Program Files\Java\jdk-17\bin\java.exe
0x00007ffef4140000 - 0x00007ffef43a7000 	C:\WINDOWS\SYSTEM32\ntdll.dll
0x00007ffef31b0000 - 0x00007ffef3279000 	C:\WINDOWS\System32\KERNEL32.DLL
0x00007ffef1900000 - 0x00007ffef1cef000 	C:\WINDOWS\System32\KERNELBASE.dll
0x00007ffef1780000 - 0x00007ffef18cb000 	C:\WINDOWS\System32\ucrtbase.dll
0x00007ffee16c0000 - 0x00007ffee16db000 	C:\Program Files\Java\jdk-17\bin\VCRUNTIME140.dll
0x00007ffee16e0000 - 0x00007ffee16f9000 	C:\Program Files\Java\jdk-17\bin\jli.dll
0x00007ffef2fe0000 - 0x00007ffef3094000 	C:\WINDOWS\System32\ADVAPI32.dll
0x00007ffef23f0000 - 0x00007ffef2499000 	C:\WINDOWS\System32\msvcrt.dll
0x00007ffef4040000 - 0x00007ffef40e6000 	C:\WINDOWS\System32\sechost.dll
0x00007ffef2c30000 - 0x00007ffef2d48000 	C:\WINDOWS\System32\RPCRT4.dll
0x00007ffef2e10000 - 0x00007ffef2fd5000 	C:\WINDOWS\System32\USER32.dll
0x00007ffef18d0000 - 0x00007ffef18f7000 	C:\WINDOWS\System32\win32u.dll
0x00007ffef22f0000 - 0x00007ffef231b000 	C:\WINDOWS\System32\GDI32.dll
0x00007ffed6450000 - 0x00007ffed66e3000 	C:\WINDOWS\WinSxS\amd64_microsoft.windows.common-controls_6595b64144ccf1df_6.0.26100.7309_none_3e05feeae336a044\COMCTL32.dll
0x00007ffef1db0000 - 0x00007ffef1edc000 	C:\WINDOWS\System32\gdi32full.dll
0x00007ffef1d00000 - 0x00007ffef1da3000 	C:\WINDOWS\System32\msvcp_win.dll
0x00007ffee31f0000 - 0x00007ffee31fb000 	C:\WINDOWS\SYSTEM32\VERSION.dll
0x00007ffef3cf0000 - 0x00007ffef3d21000 	C:\WINDOWS\System32\IMM32.DLL
0x00007ffee16b0000 - 0x00007ffee16bc000 	C:\Program Files\Java\jdk-17\bin\vcruntime140_1.dll
0x00007ffee1620000 - 0x00007ffee16ae000 	C:\Program Files\Java\jdk-17\bin\msvcp140.dll
0x00007ffe080a0000 - 0x00007ffe08c81000 	C:\Program Files\Java\jdk-17\bin\server\jvm.dll
0x00007ffef3380000 - 0x00007ffef3388000 	C:\WINDOWS\System32\PSAPI.DLL
0x00007ffee92b0000 - 0x00007ffee92e5000 	C:\WINDOWS\SYSTEM32\WINMM.dll
0x00007ffead2a0000 - 0x00007ffead2aa000 	C:\WINDOWS\SYSTEM32\WSOCK32.dll
0x00007ffef24b0000 - 0x00007ffef2524000 	C:\WINDOWS\System32\WS2_32.dll
0x00007ffef0040000 - 0x00007ffef005b000 	C:\WINDOWS\SYSTEM32\kernel.appcore.dll
0x00007ffee1610000 - 0x00007ffee161a000 	C:\Program Files\Java\jdk-17\bin\jimage.dll
0x00007ffeeeb80000 - 0x00007ffeeedc2000 	C:\WINDOWS\SYSTEM32\DBGHELP.DLL
0x00007ffef1f60000 - 0x00007ffef22e6000 	C:\WINDOWS\System32\combase.dll
0x00007ffef2b50000 - 0x00007ffef2c26000 	C:\WINDOWS\System32\OLEAUT32.dll
0x00007ffed3ce0000 - 0x00007ffed3d1c000 	C:\WINDOWS\SYSTEM32\dbgcore.DLL
0x00007ffef13e0000 - 0x00007ffef1485000 	C:\WINDOWS\System32\bcryptPrimitives.dll
0x00007ffecf890000 - 0x00007ffecf8b5000 	C:\Program Files\Java\jdk-17\bin\java.dll
0x00007ffecf7b0000 - 0x00007ffecf887000 	C:\Program Files\Java\jdk-17\bin\jsvml.dll
0x00007ffef3390000 - 0x00007ffef3ae3000 	C:\WINDOWS\System32\SHELL32.dll
0x00007ffef1490000 - 0x00007ffef15fa000 	C:\WINDOWS\System32\wintypes.dll
0x00007ffeeee70000 - 0x00007ffeef6ce000 	C:\WINDOWS\SYSTEM32\windows.storage.dll
0x00007ffef3280000 - 0x00007ffef3375000 	C:\WINDOWS\System32\SHCORE.dll
0x00007ffef3f10000 - 0x00007ffef3f76000 	C:\WINDOWS\System32\shlwapi.dll
0x00007ffef11b0000 - 0x00007ffef11d9000 	C:\WINDOWS\SYSTEM32\profapi.dll
0x00007ffecf770000 - 0x00007ffecf789000 	C:\Program Files\Java\jdk-17\bin\net.dll
0x00007ffee84d0000 - 0x00007ffee85f8000 	C:\WINDOWS\SYSTEM32\WINHTTP.dll
0x00007ffef05b0000 - 0x00007ffef061b000 	C:\WINDOWS\system32\mswsock.dll
0x00007ffecf720000 - 0x00007ffecf736000 	C:\Program Files\Java\jdk-17\bin\nio.dll
0x00007ffecf790000 - 0x00007ffecf7a8000 	C:\Program Files\Java\jdk-17\bin\zip.dll
0x00007ffecf700000 - 0x00007ffecf70e000 	C:\Program Files\Java\jdk-17\bin\sunmscapi.dll
0x00007ffef1600000 - 0x00007ffef1777000 	C:\WINDOWS\System32\CRYPT32.dll
0x00007ffef0a90000 - 0x00007ffef0ac0000 	C:\WINDOWS\SYSTEM32\ncrypt.dll
0x00007ffef0a40000 - 0x00007ffef0a7f000 	C:\WINDOWS\SYSTEM32\NTASN1.dll
0x00007ffef0870000 - 0x00007ffef088b000 	C:\WINDOWS\SYSTEM32\CRYPTSP.dll
0x00007ffeeffa0000 - 0x00007ffeeffda000 	C:\WINDOWS\system32\rsaenh.dll
0x00007ffef0660000 - 0x00007ffef068b000 	C:\WINDOWS\SYSTEM32\USERENV.dll
0x00007ffef1180000 - 0x00007ffef11aa000 	C:\WINDOWS\SYSTEM32\bcrypt.dll
0x00007ffef0890000 - 0x00007ffef089c000 	C:\WINDOWS\SYSTEM32\CRYPTBASE.dll
0x00007ffeefb80000 - 0x00007ffeefbb4000 	C:\WINDOWS\SYSTEM32\IPHLPAPI.DLL
0x00007ffef30a0000 - 0x00007ffef30aa000 	C:\WINDOWS\System32\NSI.dll
0x00007ffee9150000 - 0x00007ffee916e000 	C:\WINDOWS\SYSTEM32\dhcpcsvc6.DLL
0x00007ffee9120000 - 0x00007ffee9143000 	C:\WINDOWS\SYSTEM32\dhcpcsvc.DLL
0x00007ffeefbc0000 - 0x00007ffeefcec000 	C:\WINDOWS\SYSTEM32\DNSAPI.dll
0x00007ffee15f0000 - 0x00007ffee15fa000 	C:\Program Files\Java\jdk-17\bin\management.dll
0x00007ffecf710000 - 0x00007ffecf71b000 	C:\Program Files\Java\jdk-17\bin\management_ext.dll
0x00007ffee86c0000 - 0x00007ffee86cb000 	C:\Windows\System32\rasadhlp.dll
0x00007ffee9220000 - 0x00007ffee92a6000 	C:\WINDOWS\System32\fwpuclnt.dll
0x00007ffeebe10000 - 0x00007ffeebe20000 	C:\Program Files\Java\jdk-17\bin\verify.dll
0x00007ffec5040000 - 0x00007ffec5048000 	C:\WINDOWS\system32\wshunix.dll

dbghelp: loaded successfully - version: 4.0.5 - missing functions: none
symbol engine: initialized successfully - sym options: 0x614 - pdb path: .;C:\Program Files\Java\jdk-17\bin;C:\WINDOWS\SYSTEM32;C:\WINDOWS\WinSxS\amd64_microsoft.windows.common-controls_6595b64144ccf1df_6.0.26100.7309_none_3e05feeae336a044;C:\Program Files\Java\jdk-17\bin\server

VM Arguments:
java_command: .\build\libs\moono_backend-0.0.1-SNAPSHOT.jar --spring.profiles.active=consumer --server.port=8083
java_class_path (initial): .\build\libs\moono_backend-0.0.1-SNAPSHOT.jar
Launcher Type: SUN_STANDARD

[Global flags]
     intx CICompilerCount                          = 4                                         {product} {ergonomic}
     uint ConcGCThreads                            = 2                                         {product} {ergonomic}
     uint G1ConcRefinementThreads                  = 8                                         {product} {ergonomic}
   size_t G1HeapRegionSize                         = 1048576                                   {product} {ergonomic}
    uintx GCDrainStackTargetSize                   = 64                                        {product} {ergonomic}
   size_t InitialHeapSize                          = 130023424                                 {product} {ergonomic}
   size_t MarkStackSize                            = 4194304                                   {product} {ergonomic}
   size_t MaxHeapSize                              = 2063597568                                {product} {ergonomic}
   size_t MaxNewSize                               = 1237319680                                {product} {ergonomic}
   size_t MinHeapDeltaBytes                        = 1048576                                   {product} {ergonomic}
   size_t MinHeapSize                              = 8388608                                   {product} {ergonomic}
    uintx NonNMethodCodeHeapSize                   = 5839372                                {pd product} {ergonomic}
    uintx NonProfiledCodeHeapSize                  = 122909434                              {pd product} {ergonomic}
    uintx ProfiledCodeHeapSize                     = 122909434                              {pd product} {ergonomic}
    uintx ReservedCodeCacheSize                    = 251658240                              {pd product} {ergonomic}
     bool SegmentedCodeCache                       = true                                      {product} {ergonomic}
   size_t SoftMaxHeapSize                          = 2063597568                             {manageable} {ergonomic}
     bool UseCompressedClassPointers               = true                           {product lp64_product} {ergonomic}
     bool UseCompressedOops                        = true                           {product lp64_product} {ergonomic}
     bool UseG1GC                                  = true                                      {product} {ergonomic}
     bool UseLargePagesIndividualAllocation        = false                                  {pd product} {ergonomic}

Logging:
Log output configuration:
 #0: stdout all=warning uptime,level,tags
 #1: stderr all=off uptime,level,tags

Environment Variables:
JAVA_HOME=C:\Program Files\Java\jdk-17
CLASSPATH=C:\Program Files\Java\jdk-17\lib
PATH=C:\Program Files\Java\jdk-17\bin\;C:\ANDROID_HOME\platform-tools;C:\windows\system32;C:\windows;C:\windows\System32\Wbem;C:\windows\System32\WindowsPowerShell\v1.0\;C:\windows\System32\OpenSSH\;C:\Program Files (x86)\NVIDIA Corporation\PhysX\Common;C:\Program Files\NVIDIA Corporation\NVIDIA NvDLISR;C:\WINDOWS\system32;C:\WINDOWS;C:\WINDOWS\System32\Wbem;C:\WINDOWS\System32\WindowsPowerShell\v1.0\;C:\WINDOWS\System32\OpenSSH\;C:\Program Files\nodejs\;C:\Program Files\Git\cmd;C:\flutter\bin;C:\Gradle\gradle-8.9\bin;C:\Program Files (x86)\Windows Kits\10\Windows Performance Toolkit\;C:\Program Files\MySQL\MySQL Server 8.0\bin;C:\ProgramData\chocolatey\bin;C:\Program Files\OpenSSL-Win64\bin;;C:\Program Files\PuTTY\;C:\Program Files\Docker\Docker\resources\bin;C:\Users\pyb26\AppData\Local\Programs\Python\Python312\Scripts\;C:\Users\pyb26\AppData\Local\Programs\Python\Python312\;C:\Users\pyb26\AppData\Local\Programs\Python\Launcher\;C:\Users\pyb26\AppData\Local\Microsoft\WindowsApps;C:\Users\pyb26\AppData\Local\Programs\Microsoft VS Code\bin;C:\Users\pyb26\AppData\Roaming\npm;C:\flutter\bin;C:\Program Files\OpenSSL-Win64\bin;
USERNAME=pyb26
OS=Windows_NT
PROCESSOR_IDENTIFIER=Intel64 Family 6 Model 140 Stepping 1, GenuineIntel



---------------  S Y S T E M  ---------------

OS:
 Windows 11 , 64 bit Build 26100 (10.0.26100.7623)
OS uptime: 0 days 1:03 hours
Hyper-V role detected

CPU: total 8 (initial active 8) (4 cores per cpu, 2 threads per core) family 6 model 140 stepping 1 microcode 0xb4, cx8, cmov, fxsr, ht, mmx, 3dnowpref, sse, sse2, sse3, ssse3, sse4.1, sse4.2, popcnt, lzcnt, tsc, tscinvbit, avx, avx2, aes, erms, clmul, bmi1, bmi2, adx, avx512f, avx512dq, avx512cd, avx512bw, avx512vl, sha, fma, vzeroupper, avx512_vpopcntdq, avx512_vpclmulqdq, avx512_vaes, avx512_vnni, clflush, clflushopt, clwb, avx512_vbmi2, avx512_vbmi, hv

Memory: 4k page, system-wide physical 7868M (256M free)
TotalPageFile size 29551M (AvailPageFile size 0M)
current process WorkingSet (physical memory assigned to process): 184M, peak: 364M
current process commit charge ("private bytes"): 474M, peak: 477M

vm_info: Java HotSpot(TM) 64-Bit Server VM (17.0.13+10-LTS-268) for windows-amd64 JRE (17.0.13+10-LTS-268), built on Sep 30 2024 06:33:13 by "mach5one" with MS VC++ 17.6 (VS2022)

END.
